// Jest Snapshot v1, https://goo.gl/fbAQLP

exports[`Card matches snapshot 1`] = `
.glamor-0,
[data-glamor-0] {
  font-size: 14px;
  font-weight: 500;
  font-family: var(--secondary-font);
}

.glamor-8,
[data-glamor-8] {
  font-size: small;
  opacity: 0.875;
  padding: 16px;
}

.glamor-9,
[data-glamor-9] {
  border-left-width: 4px;
  border-left-style: solid;
  border-color: var(--color-1);
  height: 100%;
  font-weight: 500;
  box-shadow: 0 0 2px rgba(0,0,0,.07), 0 2px 4px rgba(0,0,0,.12);
  background-color: white;
}

.glamor-1,
[data-glamor-1] {
  opacity: 0.5;
  font-family: var(--primary-font);
  font-weight: 400;
}

.glamor-2,
[data-glamor-2] {
  font-size: 12px;
  text-align: right;
  text-transform: uppercase;
  letter-spacing: 2px;
}

.css-fisw11,
[data-css-fisw11] {
  display: block;
}

.css-fo8gak,
[data-css-fo8gak] {
  display: -webkit-box;
  display: -moz-box;
  display: -ms-flexbox;
  display: -webkit-flex;
  display: flex;
  border-bottom: 1px solid #f2f2f2;
  padding: 16px;
  justify-content: space-between;
  align-items: flex-start;
  -webkit-box-pack: justify;
  -webkit-justify-content: space-between;
  -webkit-box-align: start;
  -webkit-align-items: flex-start;
}

.css-1t62idy,
[data-css-1t62idy] {
  display: -webkit-box;
  display: -moz-box;
  display: -ms-flexbox;
  display: -webkit-flex;
  display: flex;
  flex-direction: column;
  -webkit-box-orient: vertical;
  -webkit-box-direction: normal;
  -webkit-flex-direction: column;
}

.glamor-4,
[data-glamor-4] {
  font-size: 12px;
  text-align: right;
  text-transform: uppercase;
  letter-spacing: 2px;
  color: var(--color-2);
  border: 0;
  appearance: none;
  -webkit-font-smoothing: antialiased;
  -webkit-appearance: none;
  -moz-appearance: none;
}

@media (min-width: 57.75rem) {
  .glamor-0,
  [data-glamor-0] {
    font-size: 16px;
  }
}

@media (min-width: 57.75rem) {
  .glamor-2,
  [data-glamor-2] {
    font-size: 14px;
    font-weight: 700;
  }
}

@media (min-width: 57.75rem) {
  .glamor-4,
  [data-glamor-4] {
    font-size: 14px;
    font-weight: 700;
  }
}

<MemoryRouter>
  <Router
    history={
      Object {
        "action": "POP",
        "block": [Function],
        "canGo": [Function],
        "createHref": [Function],
        "entries": Array [
          Object {
            "hash": "",
            "key": "msfz54",
            "pathname": "/",
            "search": "",
            "state": undefined,
          },
        ],
        "go": [Function],
        "goBack": [Function],
        "goForward": [Function],
        "index": 0,
        "length": 1,
        "listen": [Function],
        "location": Object {
          "hash": "",
          "key": "msfz54",
          "pathname": "/",
          "search": "",
          "state": undefined,
        },
        "push": [Function],
        "replace": [Function],
      }
    }
  >
    <Card
      content={
        Object {
          "blocks": Array [
            Object {
              "data": Object {},
              "depth": 0,
              "entityRanges": Array [],
              "inlineStyleRanges": Array [],
              "key": "er5rb",
              "text": "What am i really going to do here?",
              "type": "unstyled",
            },
            Object {
              "data": Object {},
              "depth": 0,
              "entityRanges": Array [],
              "inlineStyleRanges": Array [],
              "key": "ds3fg",
              "text": "",
              "type": "unstyled",
            },
            Object {
              "data": Object {},
              "depth": 0,
              "entityRanges": Array [],
              "inlineStyleRanges": Array [],
              "key": "9sgm6",
              "text": "I am trying to write a thing",
              "type": "unstyled",
            },
            Object {
              "data": Object {},
              "depth": 0,
              "entityRanges": Array [],
              "inlineStyleRanges": Array [],
              "key": "a0t8m",
              "text": "",
              "type": "unstyled",
            },
            Object {
              "data": Object {},
              "depth": 0,
              "entityRanges": Array [],
              "inlineStyleRanges": Array [],
              "key": "2ok0",
              "text": "With many lines",
              "type": "unstyled",
            },
          ],
          "entityMap": Object {},
        }
      }
      id="6acebce0-20b6-4015-87fe-951c7bb36481"
      onDelete={[Function]}
      title="Starting Again"
    >
      <Block
        className={
          Object {
            "data-glamor-9": "",
          }
        }
      >
        <View
          className={
            Object {
              "data-glamor-9": "",
            }
          }
          component="div"
          display="block"
        >
          <div
            className={
              Object {
                "data-glamor-9": "",
              }
            }
            data-css-fisw11=""
          >
            <Flex
              alignItems="flex-start"
              borderBottom="1px solid #f2f2f2"
              justifyContent="space-between"
              padding={16}
            >
              <View
                alignItems="flex-start"
                borderBottom="1px solid #f2f2f2"
                component="div"
                display="flex"
                justifyContent="space-between"
                padding={16}
              >
                <div
                  data-css-fo8gak=""
                >
                  <div>
                    <h2
                      className={
                        Object {
                          "data-glamor-0": "",
                        }
                      }
                    >
                      <Link
                        replace={false}
                        to="/6acebce0-20b6-4015-87fe-951c7bb36481/edit"
                      >
                        <a
                          href="/6acebce0-20b6-4015-87fe-951c7bb36481/edit"
                          onClick={[Function]}
                        >
                          Starting Again
                        </a>
                      </Link>
                    </h2>
                    <small
                      className={
                        Object {
                          "data-glamor-1": "",
                        }
                      }
                    />
                  </div>
                  <Flex
                    className={Object {}}
                    flexDirection="column"
                  >
                    <View
                      className={Object {}}
                      component="div"
                      display="flex"
                      flexDirection="column"
                    >
                      <div
                        className={Object {}}
                        data-css-1t62idy=""
                      >
                        <EditButton
                          id="6acebce0-20b6-4015-87fe-951c7bb36481"
                        >
                          <Link
                            className={
                              Object {
                                "data-glamor-2": "",
                              }
                            }
                            replace={false}
                            to="/6acebce0-20b6-4015-87fe-951c7bb36481/edit"
                          >
                            <a
                              className={
                                Object {
                                  "data-glamor-2": "",
                                }
                              }
                              href="/6acebce0-20b6-4015-87fe-951c7bb36481/edit"
                              onClick={[Function]}
                            >
                              <svg
                                height={18}
                                viewBox="0 0 18 18"
                                width={18}
                              >
                                <desc>
                                  Edit this Post
                                </desc>
                                <g
                                  fill="none"
                                  fillRule="evenodd"
                                  id="Views"
                                  stroke="none"
                                  strokeWidth="1"
                                >
                                  <g
                                    id="Artboard"
                                    transform="translate(-70.000000, -134.000000)"
                                  >
                                    <g
                                      id="ic_mode_edit_black_24px"
                                      transform="translate(67.000000, 131.000000)"
                                    >
                                      <path
                                        d="M3,17.25 L3,21 L6.75,21 L17.81,9.94 L14.06,6.19 L3,17.25 Z M20.71,7.04 C21.1,6.65 21.1,6.02 20.71,5.63 L18.37,3.29 C17.98,2.9 17.35,2.9 16.96,3.29 L15.13,5.12 L18.88,8.87 L20.71,7.04 Z"
                                        fill="#185A70"
                                        fillRule="nonzero"
                                        id="Shape"
                                      />
                                      <polygon
                                        id="Shape"
                                        points="0 0 24 0 24 24 0 24"
                                      />
                                    </g>
                                  </g>
                                </g>
                              </svg>
                            </a>
                          </Link>
                        </EditButton>
                        <DeleteButton
                          onDelete={[Function]}
                        >
                          <span
                            className={
                              Object {
                                "data-glamor-4": "",
                              }
                            }
                            data-test="cardDelete"
                            onClick={[Function]}
                          >
                            <svg
                              height={18}
                              viewBox="0 0 14 18"
                              width={18}
                            >
                              <desc>
                                Delete this Post
                              </desc>
                              <g
                                fill="none"
                                fillRule="evenodd"
                                id="Views"
                                stroke="none"
                                strokeWidth="1"
                              >
                                <g
                                  id="Artboard"
                                  transform="translate(-72.000000, -172.000000)"
                                >
                                  <g
                                    id="ic_delete_forever_black_24px"
                                    transform="translate(67.000000, 169.000000)"
                                  >
                                    <polygon
                                      id="Shape"
                                      points="0 0 24 0 24 24 0 24"
                                    />
                                    <path
                                      d="M6,19 C6,20.1 6.9,21 8,21 L16,21 C17.1,21 18,20.1 18,19 L18,7 L6,7 L6,19 Z M8.46,11.88 L9.87,10.47 L12,12.59 L14.12,10.47 L15.53,11.88 L13.41,14 L15.53,16.12 L14.12,17.53 L12,15.41 L9.88,17.53 L8.47,16.12 L10.59,14 L8.46,11.88 Z M15.5,4 L14.5,3 L9.5,3 L8.5,4 L5,4 L5,6 L19,6 L19,4 L15.5,4 Z"
                                      fill="#D8EAF1"
                                      fillRule="nonzero"
                                      id="Shape"
                                    />
                                    <polygon
                                      id="Shape"
                                      points="0 0 24 0 24 24 0 24"
                                    />
                                  </g>
                                </g>
                              </g>
                            </svg>
                          </span>
                        </DeleteButton>
                      </div>
                    </View>
                  </Flex>
                </div>
              </View>
            </Flex>
            <Block>
              <View
                component="div"
                display="block"
              >
                <div
                  data-css-fisw11=""
                >
                  <p
                    className={
                      Object {
                        "data-glamor-8": "",
                      }
                    }
                    data-test="snippet"
                  >
                    What am i really going to do here?
                  </p>
                </div>
              </View>
            </Block>
          </div>
        </View>
      </Block>
    </Card>
  </Router>
</MemoryRouter>
`;
