// Jest Snapshot v1, https://goo.gl/fbAQLP

exports[`<Button /> matches snapshot 1`] = `
<button
  class="sc-bwzfXH hQYoOD"
  data-testid="TESTING_BUTTON"
>
  Button
</button>
`;
