// Jest Snapshot v1, https://goo.gl/fbAQLP

exports[`<Check /> matches snapshot 1`] = `
<label
  data-testid="TEST_CHECKBOX_LABEL"
>
  <input
    class="sc-gqjmRU jpPBOI"
    type="checkbox"
    data-testid="TEST_CHECKBOX"
  />
</label>
`;
